{"records":[{"hostname":"api.example.com","luaBody":"ifurlup(\"https://probe-fsn.example.com/healthz\", {{\"5.1.2.3\", \"5.1.2.4\"}, {\"5.5.6.7\"}}, {selector=\"pickfirst\", interval=5, timeout=2})","ttl":30,"primaryRegion":"hz-fsn-rtz-prod"},{"hostname":"web.example.com","luaBody":"ifurlup(\"https://probe-fsn.example.com/healthz\", {{\"5.1.2.3\", \"5.1.2.4\"}, {\"5.5.6.7\"}}, {selector=\"pickfirst\", interval=5, timeout=2})","ttl":30,"primaryRegion":"hz-fsn-rtz-prod"}]}